 agentctl   Servers      [Commands]      Rules       Skills       Prompts       
 Hooks       Tools   0 commands                                                 
────────────────────────────────────────────────────────────────────────────────
  No commands defined                                                           
                                                                                
  Create commands in ~/.config/agentctl/commands/                               
                                                                                
                                                                                
                                                                                
                                                                                
                                                                                
                                                                                
                                                                                
                                                                                
                                                                                
────────────────────────────────────────────────────────────────────────────────
                                                                                
                                                                                
                                                                                
────────────────────────────────────────────────────────────────────────────────
 j/k navigate │ Tab switch tab │ a add │ e edit │ d delete │ / search │ ? help  