 agentctl   Servers       Commands       Rules       Skills      [Hooks]        
 Tools   2 hooks                                                                
────────────────────────────────────────────────────────────────────────────────
   ⏮ PreToolUse [*] (claude)                           echo 'Session started'   
   ⏭ PostToolUse [Bash] (claude)                                     npm test   
                                                                                
                                                                                
                                                                                
                                                                                
                                                                                
                                                                                
                                                                                
                                                                                
                                                                                
                                                                                
────────────────────────────────────────────────────────────────────────────────
                                                                                
                                                                                
                                                                                
────────────────────────────────────────────────────────────────────────────────
 j/k navigate │ Tab switch tab │ / search │ ? help                              