 agentctl   Servers       Commands       Rules       Skills      [Hooks]        
 Tools   0 hooks                                                                
────────────────────────────────────────────────────────────────────────────────
  No hooks configured                                                           
                                                                                
  Claude Code:                                                                  
    ~/.claude/settings.json                                                     
    .claude/settings.json (project)                                             
  Gemini CLI:                                                                   
    ~/.gemini/settings.json                                                     
    .gemini/settings.json (project)                                             
  (Read-only view - edit settings.json directly)                                
                                                                                
                                                                                
                                                                                
────────────────────────────────────────────────────────────────────────────────
                                                                                
                                                                                
                                                                                
────────────────────────────────────────────────────────────────────────────────
 j/k navigate │ Tab switch tab │ / search │ ? help                              