 agentctl   Servers       Commands       Rules       Skills       Prompts       
 [Hooks]      Tools   0 hooks                                                   
────────────────────────────────────────────────────────────────────────────────
  No hooks configured                                                           
                                                                                
  Hooks are configured in ~/.claude/settings.json                               
  (Read-only view - edit settings.json directly)                                
                                                                                
                                                                                
                                                                                
                                                                                
                                                                                
                                                                                
                                                                                
                                                                                
────────────────────────────────────────────────────────────────────────────────
                                                                                
                                                                                
                                                                                
────────────────────────────────────────────────────────────────────────────────
 j/k navigate │ Tab switch tab │ / search │ ? help                              