                                                                                
         ╭────────────────────────────────────────────────────────────╮         
         │                                                            │         
         │  Backup Management                                         │         
         │                                                            │         
         │                                                            │         
         │  Detected Tools:                                           │         
         │  > claude                                                  │         
         │    claude-desktop                                          │         
         │    cline                                                   │         
         │                                                            │         
         │  Action: ╭──────────╮                                      │         
         │  │  [List]  │                                              │         
         │  ╰──────────╯ ╭────────────╮                               │         
         │  │   Create   │                                            │         
         │  ╰────────────╯ ╭─────────────╮                            │         
         │  │   Restore   │                                           │         
         │  ╰─────────────╯                                           │         
         │                                                            │         
         │  j/k select tool | Tab/arrow cycle action | Enter execute  │         
         │  | Esc close                                               │         
         │                                                            │         
         ╰────────────────────────────────────────────────────────────╯         
                                                                                