                                                                                
                                                                                
                                                                                
    ╭──────────────────────────────────────────────────────────────────────╮    
    │                                                                      │    
    │  Import - Step 2: Select Resources                                   │    
    │                                                                      │    
    │                                                                      │    
    │  Importing from: claude                                              │    
    │                                                                      │    
    │  Select resource types to import:                                    │    
    │                                                                      │    
    │    1) [x] Servers                                                    │    
    │    2) [ ] Commands                                                   │    
    │    3) [x] Rules                                                      │    
    │    4) [ ] Skills                                                     │    
    │                                                                      │    
    │  1-4:toggle  Enter:preview  Esc:back                                 │    
    │                                                                      │    
    ╰──────────────────────────────────────────────────────────────────────╯    
                                                                                
                                                                                
                                                                                
                                                                                