                                                                                
                                                                                
                                                                                
                                                                                
                                                                                
    ╭──────────────────────────────────────────────────────────────────────╮    
    │                                                                      │    
    │  Import - Step 1: Select Tool                                        │    
    │                                                                      │    
    │                                                                      │    
    │  Select a tool to import from:                                       │    
    │                                                                      │    
    │  > claude (servers, commands, rules, skills)                         │    
    │    cursor (servers, commands, rules)                                 │    
    │                                                                      │    
    │  j/k:navigate  Enter:select  Esc:close                               │    
    │                                                                      │    
    ╰──────────────────────────────────────────────────────────────────────╯    
                                                                                
                                                                                
                                                                                
                                                                                
                                                                                
                                                                                