                                                                                
                                                                                
         ╭────────────────────────────────────────────────────────────╮         
         │                                                            │         
         │  Create Skill                                              │         
         │                                                            │         
         │                                                            │         
         │  Name: >                                                   │         
         │                                                            │         
         │  Description: >                                            │         
         │                                                            │         
         │  Author: >                                                 │         
         │                                                            │         
         │  Version: >                                                │         
         │                                                            │         
         │  Scope: 🌐 global (open a project for local scope)         │         
         │                                                            │         
         │  Tab: next field • ←/→: change scope • Ctrl+S: save •      │         
         │  Esc: cancel                                               │         
         │                                                            │         
         ╰────────────────────────────────────────────────────────────╯         
                                                                                
                                                                                
                                                                                