                                                                                
                                                                                
                                                                                
    ╭──────────────────────────────────────────────────────────────────────╮    
    │                                                                      │    
    │  Add Server                                                          │    
    │                                                                      │    
    │                                                                      │    
    │  Name: >                                                             │    
    │                                                                      │    
    │  Source (alias, URL, or path): >                                     │    
    │                                                                      │    
    │  Command (for stdio): >                                              │    
    │                                                                      │    
    │  Arguments: >                                                        │    
    │                                                                      │    
    │  Transport:  stdio  http  sse                                        │    
    │                                                                      │    
    │  Tab: next • ←/→: change selection • Ctrl+S: save • Esc: cancel      │    
    │                                                                      │    
    ╰──────────────────────────────────────────────────────────────────────╯    
                                                                                
                                                                                
                                                                                