                                                                                
                                                                                
                                                                                
                                                                                
                                                                                
                                                                                
         ╭────────────────────────────────────────────────────────────╮         
         │                                                            │         
         │  Backup Management                                         │         
         │                                                            │         
         │                                                            │         
         │  No tools detected                                         │         
         │                                                            │         
         │  j/k select tool | Tab/arrow cycle action | Enter execute  │         
         │  | Esc close                                               │         
         │                                                            │         
         ╰────────────────────────────────────────────────────────────╯         
                                                                                
                                                                                
                                                                                
                                                                                
                                                                                
                                                                                
                                                                                