                                                                                
                                                                                
                                                                                
                                                                                
                                                                                
                                                                                
    ╭──────────────────────────────────────────────────────────────────────╮    
    │                                                                      │    
    │  Import - Step 1: Select Tool                                        │    
    │                                                                      │    
    │                                                                      │    
    │  No tools detected.                                                  │    
    │                                                                      │    
    │  Make sure you have tools like Claude Code, Cursor, etc. installed.  │    
    │                                                                      │    
    │  Esc:close                                                           │    
    │                                                                      │    
    ╰──────────────────────────────────────────────────────────────────────╯    
                                                                                
                                                                                
                                                                                
                                                                                
                                                                                
                                                                                