    ╭──────────────────────────────────────────────────────────────────────╮    
    │                                                                      │    
    │  Create Prompt                                                       │    
    │                                                                      │    
    │                                                                      │    
    │  Name: >                                                             │    
    │                                                                      │    
    │  Description: >                                                      │    
    │                                                                      │    
    │  Template (use {{var}} for placeholders):                            │    
    │  ┃   1                                                               │    
    │  ┃                                                                   │    
    │  ┃                                                                   │    
    │  ┃                                                                   │    
    │  ┃                                                                   │    
    │  ┃                                                                   │    
    │  ┃                                                                   │    
    │  ┃                                                                   │    
    │  ┃                                                                   │    
    │  ┃                                                                   │    
    │                                                                      │    
    │  Scope: 🌐 global (open a project for local scope)                   │    
    │                                                                      │    
    │  Tab: next field • ←/→: change scope • Ctrl+S: save • Esc: cancel    │    
    │                                                                      │    
    ╰──────────────────────────────────────────────────────────────────────╯    