    ╭──────────────────────────────────────────────────────────────────────╮    
    │                                                                      │    
    │  Create New Rule                                                     │    
    │                                                                      │    
    │                                                                      │    
    │  Name: > m                                                           │    
    │  Priority: < 3-Normal >                                              │    
    │  Applies: > *                                                        │    
    │                                                                      │    
    │  Content (Markdown):                                                 │    
    │  ╭──────────────────────────────────────────╮                        │    
    │  │ ┃   1 Rule content...                    │                        │    
    │  │ ┃                                        │                        │    
    │  │ ┃                                        │                        │    
    │  │ ┃                                        │                        │    
    │  │ ┃                                        │                        │    
    │  │ ┃                                        │                        │    
    │  │ ┃                                        │                        │    
    │  │ ┃                                        │                        │    
    │  │ ┃                                        │                        │    
    │  │ ┃                                        │                        │    
    │  ╰──────────────────────────────────────────╯                        │    
    │                                                                      │    
    │  Scope: 🌐 global (open a project for local scope)                   │    
    │                                                                      │    
    │  Tab:next field  Shift+Tab:prev  Ctrl+S:save  e:external editor      │    
    │  Esc:cancel                                                          │    
    │                                                                      │    
    ╰──────────────────────────────────────────────────────────────────────╯    