                                                                                
                                                                                
                                                                                
                                                                                
                                                                                
              ╭──────────────────────────────────────────────────╮              
              │                                                  │              
              │  Delete server?                                  │              
              │                                                  │              
              │                                                  │              
              │  Are you sure you want to delete "filesystem"?   │              
              │  This action cannot be undone.                   │              
              │                                                  │              
              │  [Y] Delete  [N] Cancel                          │              
              │                                                  │              
              │  ←/→ to select • Enter to confirm • Esc to       │              
              │  cancel                                          │              
              │                                                  │              
              ╰──────────────────────────────────────────────────╯              
                                                                                
                                                                                
                                                                                
                                                                                
                                                                                