    ╭──────────────────────────────────────────────────────────────────────╮    
    │                                                                      │    
    │  Create Command                                                      │    
    │                                                                      │    
    │                                                                      │    
    │  Name: >                                                             │    
    │                                                                      │    
    │  Description: >                                                      │    
    │                                                                      │    
    │  Argument Hint: >                                                    │    
    │                                                                      │    
    │  Model:  default  opus  sonnet  haiku                                │    
    │                                                                      │    
    │  Prompt (use $ARGUMENTS for input):                                  │    
    │  ┃   1                                                               │    
    │  ┃                                                                   │    
    │  ┃                                                                   │    
    │  ┃                                                                   │    
    │  ┃                                                                   │    
    │  ┃                                                                   │    
    │  ┃                                                                   │    
    │  ┃                                                                   │    
    │  ┃                                                                   │    
    │  ┃                                                                   │    
    │                                                                      │    
    │  Scope: 🌐 global (open a project for local scope)                   │    
    │                                                                      │    
    │  Tab: next • ←/→: change selection • Ctrl+S: save • Esc: cancel      │    
    │                                                                      │    
    ╰──────────────────────────────────────────────────────────────────────╯    