                                                                                
                                                                                
                                                                                
                                                                                
                   ╭────────────────────────────────────────╮                   
                   │                                        │                   
                   │  Switch Profile                        │                   
                   │                                        │                   
                   │                                        │                   
                   │   > default (current) (all servers)    │                   
                   │                                        │                   
                   │     No profiles found                  │                   
                   │     Use 'agentctl profile create' to   │                   
                   │  add one                               │                   
                   │                                        │                   
                   │  j/k:navigate  Enter:select            │                   
                   │  Esc:cancel                            │                   
                   │                                        │                   
                   ╰────────────────────────────────────────╯                   
                                                                                
                                                                                
                                                                                
                                                                                
                                                                                