 agentctl   Servers       Commands       Rules       Skills      [Prompts]      
 Hooks       Tools   0 prompts                                                  
────────────────────────────────────────────────────────────────────────────────
  No prompts defined                                                            
                                                                                
  Create prompts in ~/.config/agentctl/prompts/                                 
                                                                                
                                                                                
                                                                                
                                                                                
                                                                                
                                                                                
                                                                                
                                                                                
                                                                                
────────────────────────────────────────────────────────────────────────────────
                                                                                
                                                                                
                                                                                
────────────────────────────────────────────────────────────────────────────────
 j/k navigate │ Tab switch tab │ a add │ e edit │ d delete │ / search │ ? help  