 agentctl   Servers       Commands       Rules       Skills      [Prompts]      
 Hooks       Tools   3 prompts                                                  
────────────────────────────────────────────────────────────────────────────────
   💬 [G] expert                                       Act as a domain expert   
   💬 [G] reviewer                                        Code review persona   
   💬 [L] project-persona                            Project-specific persona   
                                                                                
                                                                                
                                                                                
                                                                                
                                                                                
                                                                                
                                                                                
                                                                                
                                                                                
────────────────────────────────────────────────────────────────────────────────
                                                                                
                                                                                
                                                                                
────────────────────────────────────────────────────────────────────────────────
 j/k navigate │ Tab switch tab │ a add │ e edit │ d delete │ / search │ ? help  