 agentctl   Servers       Commands      [Rules]      Skills       Prompts       
 Hooks       Tools   3 rules                                                    
────────────────────────────────────────────────────────────────────────────────
   📜 [G] go-style                                 Go coding style guidelines   
   📜 [G] typescript                                TypeScript best practices   
   📜 [L] project-rules                                Project-specific rules   
                                                                                
                                                                                
                                                                                
                                                                                
                                                                                
                                                                                
                                                                                
                                                                                
                                                                                
────────────────────────────────────────────────────────────────────────────────
                                                                                
                                                                                
                                                                                
────────────────────────────────────────────────────────────────────────────────
 j/k navigate │ Tab switch tab │ a add │ e edit │ d delete │ / search │ ? help  