 agentctl   Servers       Commands      [Rules]      Skills       Hooks         
 Tools   0 rules                                                                
────────────────────────────────────────────────────────────────────────────────
  No rules defined                                                              
                                                                                
  Create rules in ~/.config/agentctl/rules/                                     
                                                                                
                                                                                
                                                                                
                                                                                
                                                                                
                                                                                
                                                                                
                                                                                
                                                                                
────────────────────────────────────────────────────────────────────────────────
                                                                                
                                                                                
                                                                                
────────────────────────────────────────────────────────────────────────────────
 j/k navigate │ Tab switch tab │ a add │ e edit │ d delete │ / search │ ? help  