 agentctl  [Servers]      Commands       Rules       Skills       Hooks                               
 Tools   ● 2  ○ 0  ◌ 0                                                                                
────────────────────────────────────────────────────────────────────────────────                      
╭────────────────────────────────────────────────────────────────────────────╮                        
│ / file                                                                     │                        
╰────────────────────────────────────────────────────────────────────────────╯                        
   ● filesystem                                          stdio · Access files                         
                                                                                                      
                                                                                                      
                                                                                                      
                                                                                                      
                                                                                                      
                                                                                                      
                                                                                                      
                                                                                                      
                                                                                                      
────────────────────────────────────────────────────────────────────────────────                      
                                                                                                      
                                                                                                      
                                                                                                      
────────────────────────────────────────────────────────────────────────────────                      
 j/k navigate │ Tab switch tab │ i install │ d delete │ t test │ x tools │ s sync │ / search │ ? help 