 agentctl  [Servers]      Commands       Rules       Skills       Prompts                             
 Hooks       Tools   ● 2  ○ 0  ◌ 0                                                                    
────────────────────────────────────────────────────────────────────────────────                      
   ● filesystem                                    stdio · Access local files                         
   ● github                                        stdio · GitHub integration                         
                                                                                                      
                                                                                                      
                                                                                                      
                                                                                                      
                                                                                                      
                                                                                                      
                                                                                                      
                                                                                                      
                                                                                                      
                                                                                                      
────────────────────────────────────────────────────────────────────────────────                      
                                                                                                      
                                                                                                      
                                                                                                      
────────────────────────────────────────────────────────────────────────────────                      
 j/k navigate │ Tab switch tab │ i install │ d delete │ t test │ x tools │ s sync │ / search │ ? help 