 agentctl  [Servers]      Commands       Rules       Skills       Prompts                             
 Hooks       Tools   ● 0  ○ 0  ◌ 0                                                                    
────────────────────────────────────────────────────────────────────────────────                      
  No servers match the current filter                                                                 
                                                                                                      
                                                                                                      
                                                                                                      
                                                                                                      
                                                                                                      
                                                                                                      
                                                                                                      
                                                                                                      
                                                                                                      
                                                                                                      
                                                                                                      
────────────────────────────────────────────────────────────────────────────────                      
                                                                                                      
                                                                                                      
                                                                                                      
────────────────────────────────────────────────────────────────────────────────                      
 j/k navigate │ Tab switch tab │ i install │ d delete │ t test │ x tools │ s sync │ / search │ ? help 