 agentctl   Servers       Commands       Rules      [Skills]      Hooks         
 Tools   0 skills                                                               
────────────────────────────────────────────────────────────────────────────────
  No skills installed                                                           
                                                                                
  Create skills in ~/.config/agentctl/skills/                                   
                                                                                
                                                                                
                                                                                
                                                                                
                                                                                
                                                                                
                                                                                
                                                                                
                                                                                
────────────────────────────────────────────────────────────────────────────────
                                                                                
                                                                                
                                                                                
────────────────────────────────────────────────────────────────────────────────
 j/k navigate │ Tab switch tab │ a add │ e edit │ d delete │ / search │ ? help  