 agentctl   Servers       Commands       Rules       Skills       Hooks         
 [Tools]      Agents   2/3 tools detected                                       
────────────────────────────────────────────────────────────────────────────────
   ● claude [mcp, commands, rules, skills]  /mock/claude/settings.json (no      
 config)                                                                        
   ○ codex [mcp]                          /mock/codex/config.json (no config)   
   ● cursor [mcp, rules, commands]          /mock/cursor/mcp.json (no config)   
                                                                                
                                                                                
                                                                                
                                                                                
                                                                                
                                                                                
                                                                                
                                                                                
                                                                                
────────────────────────────────────────────────────────────────────────────────
                                                                                
                                                                                
                                                                                
────────────────────────────────────────────────────────────────────────────────
 j/k navigate │ Tab switch tab │ / search │ ? help                              