 agentctl   Servers       Commands       Rules       Skills       Hooks         
 [Tools]      Agents   2/3 tools detected                                       
────────────────────────────────────────────────────────────────────────────────
   ● claude [mcp, commands, rules, skills]          ~/.claude/settings.json ✓   
   ○ codex [mcp]                                       ~/.codex/config.json ✓   
   ● cursor [mcp, rules, commands]                       ~/.cursor/mcp.json ✓   
                                                                                
                                                                                
                                                                                
                                                                                
                                                                                
                                                                                
                                                                                
                                                                                
                                                                                
────────────────────────────────────────────────────────────────────────────────
                                                                                
                                                                                
                                                                                
────────────────────────────────────────────────────────────────────────────────
 j/k navigate │ Tab switch tab │ / search │ ? help                              