 agentctl   Servers       Commands       Rules       Skills       Hooks         
 [Tools]      Agents   0/0 tools detected                                       
────────────────────────────────────────────────────────────────────────────────
  No tool adapters registered                                                   
                                                                                
                                                                                
                                                                                
                                                                                
                                                                                
                                                                                
                                                                                
                                                                                
                                                                                
                                                                                
                                                                                
────────────────────────────────────────────────────────────────────────────────
                                                                                
                                                                                
                                                                                
────────────────────────────────────────────────────────────────────────────────
 j/k navigate │ Tab switch tab │ / search │ ? help                              