 agentctl  [Servers]      Commands       Rules       Skills                                           
 Prompts       Hooks       Tools   ● 1  ○ 0  ◌ 0                                                      
────────────────────────────────────────────────────────────                                          
   ● filesystem  stdio · Access local files securely with                                             
 path restrictions                                                                                    
                                                                                                      
                                                                                                      
                                                                                                      
                                                                                                      
                                                                                                      
                                                                                                      
                                                                                                      
                                                                                                      
                                                                                                      
                                                                                                      
                                                                                                      
────────────────────────────────────────────────────────────                                          
                                                                                                      
                                                                                                      
                                                                                                      
────────────────────────────────────────────────────────────                                          
 j/k navigate │ Tab switch tab │ i install │ d delete │ t test │ x tools │ s sync │ / search │ ? help 